[2026-05-21T09:18:34.031Z] info: kubernetes.yaml was copied to the config folder
[2026-05-21T09:19:22.814Z] info: docker.yaml was copied to the config folder
[2026-05-21T09:19:22.817Z] info: services.yaml was copied to the config folder
[2026-05-21T09:19:22.818Z] info: bookmarks.yaml was copied to the config folder
[2026-05-21T09:19:22.819Z] info: widgets.yaml was copied to the config folder
[2026-05-21T09:19:22.821Z] info: custom.css was copied to the config folder
[2026-05-21T09:19:22.821Z] info: custom.js was copied to the config folder
[2026-05-21T09:19:22.835Z] info: proxmox.yaml was copied to the config folder
[2026-05-21T09:43:22.575Z] error: <service-helpers> Error getting services from Docker server 'my-docker': Error: connect EACCES /var/run/docker.sock
    at ignore-listed frames {
  errno: -13,
  code: 'EACCES',
  syscall: 'connect',
  address: '/var/run/docker.sock'
}
[2026-05-21T09:43:23.232Z] error: <service-helpers> Error getting services from Docker server 'my-docker': Error: connect EACCES /var/run/docker.sock
    at ignore-listed frames {
  errno: -13,
  code: 'EACCES',
  syscall: 'connect',
  address: '/var/run/docker.sock'
}
[2026-05-21T09:43:23.253Z] info: 🌐 i18next is made possible by our own product, Locize — consider powering your project with managed localization (AI, CDN, integrations): https://locize.com 💙
[2026-05-21T09:43:24.362Z] error: <dockerStatusService> Error: connect EACCES /var/run/docker.sock
    at PipeConnectWrap.afterConnect [as oncomplete] (node:net:1637:16)
    at PipeConnectWrap.callbackTrampoline (node:internal/async_hooks:130:17)
[2026-05-21T09:43:24.396Z] error: <dockerStatusService> Error: connect EACCES /var/run/docker.sock
    at PipeConnectWrap.afterConnect [as oncomplete] (node:net:1637:16)
    at PipeConnectWrap.callbackTrampoline (node:internal/async_hooks:130:17)
[2026-05-21T09:43:24.643Z] error: <dockerStatsService> Error: connect EACCES /var/run/docker.sock
    at PipeConnectWrap.afterConnect [as oncomplete] (node:net:1637:16)
    at PipeConnectWrap.callbackTrampoline (node:internal/async_hooks:130:17)
[2026-05-21T09:43:24.657Z] error: <service-helpers> Error getting services from Docker server 'my-docker': Error: connect EACCES /var/run/docker.sock
    at ignore-listed frames {
  errno: -13,
  code: 'EACCES',
  syscall: 'connect',
  address: '/var/run/docker.sock'
}
[2026-05-21T09:43:24.871Z] error: <dockerStatsService> Error: connect EACCES /var/run/docker.sock
    at PipeConnectWrap.afterConnect [as oncomplete] (node:net:1637:16)
    at PipeConnectWrap.callbackTrampoline (node:internal/async_hooks:130:17)
[2026-05-21T09:43:36.902Z] error: <dockerStatusService> Error: connect EACCES /var/run/docker.sock
    at PipeConnectWrap.afterConnect [as oncomplete] (node:net:1637:16)
    at PipeConnectWrap.callbackTrampoline (node:internal/async_hooks:130:17)
[2026-05-21T09:43:37.113Z] error: <dockerStatsService> Error: connect EACCES /var/run/docker.sock
    at PipeConnectWrap.afterConnect [as oncomplete] (node:net:1637:16)
    at PipeConnectWrap.callbackTrampoline (node:internal/async_hooks:130:17)
[2026-05-21T09:43:37.142Z] error: <dockerStatsService> Error: connect EACCES /var/run/docker.sock
    at PipeConnectWrap.afterConnect [as oncomplete] (node:net:1637:16)
    at PipeConnectWrap.callbackTrampoline (node:internal/async_hooks:130:17)
[2026-05-21T09:43:37.159Z] error: <dockerStatusService> Error: connect EACCES /var/run/docker.sock
    at PipeConnectWrap.afterConnect [as oncomplete] (node:net:1637:16)
    at PipeConnectWrap.callbackTrampoline (node:internal/async_hooks:130:17)
[2026-05-21T09:43:37.212Z] error: <service-helpers> Error getting services from Docker server 'my-docker': Error: connect EACCES /var/run/docker.sock
    at ignore-listed frames {
  errno: -13,
  code: 'EACCES',
  syscall: 'connect',
  address: '/var/run/docker.sock'
}
[2026-05-21T09:44:02.522Z] error: <dockerStatusService> Error: connect EACCES /var/run/docker.sock
    at PipeConnectWrap.afterConnect [as oncomplete] (node:net:1637:16)
    at PipeConnectWrap.callbackTrampoline (node:internal/async_hooks:130:17)
[2026-05-21T09:44:02.532Z] error: <dockerStatusService> Error: connect EACCES /var/run/docker.sock
    at PipeConnectWrap.afterConnect [as oncomplete] (node:net:1637:16)
    at PipeConnectWrap.callbackTrampoline (node:internal/async_hooks:130:17)
[2026-05-21T09:44:02.993Z] error: <dockerStatsService> Error: connect EACCES /var/run/docker.sock
    at PipeConnectWrap.afterConnect [as oncomplete] (node:net:1637:16)
    at PipeConnectWrap.callbackTrampoline (node:internal/async_hooks:130:17)
[2026-05-21T09:44:03.074Z] error: <dockerStatsService> Error: connect EACCES /var/run/docker.sock
    at PipeConnectWrap.afterConnect [as oncomplete] (node:net:1637:16)
    at PipeConnectWrap.callbackTrampoline (node:internal/async_hooks:130:17)
[2026-05-21T09:44:03.093Z] error: <service-helpers> Error getting services from Docker server 'my-docker': Error: connect EACCES /var/run/docker.sock
    at ignore-listed frames {
  errno: -13,
  code: 'EACCES',
  syscall: 'connect',
  address: '/var/run/docker.sock'
}
[2026-05-21T09:44:14.300Z] error: <dockerStatusService> Error: connect EACCES /var/run/docker.sock
    at PipeConnectWrap.afterConnect [as oncomplete] (node:net:1637:16)
    at PipeConnectWrap.callbackTrampoline (node:internal/async_hooks:130:17)
[2026-05-21T09:44:14.537Z] error: <dockerStatsService> Error: connect EACCES /var/run/docker.sock
    at PipeConnectWrap.afterConnect [as oncomplete] (node:net:1637:16)
    at PipeConnectWrap.callbackTrampoline (node:internal/async_hooks:130:17)
[2026-05-21T09:44:14.548Z] error: <dockerStatsService> Error: connect EACCES /var/run/docker.sock
    at PipeConnectWrap.afterConnect [as oncomplete] (node:net:1637:16)
    at PipeConnectWrap.callbackTrampoline (node:internal/async_hooks:130:17)
[2026-05-21T09:44:14.778Z] error: <service-helpers> Error getting services from Docker server 'my-docker': Error: connect EACCES /var/run/docker.sock
    at ignore-listed frames {
  errno: -13,
  code: 'EACCES',
  syscall: 'connect',
  address: '/var/run/docker.sock'
}
[2026-05-21T09:44:24.334Z] error: <dockerStatusService> Error: connect EACCES /var/run/docker.sock
    at PipeConnectWrap.afterConnect [as oncomplete] (node:net:1637:16)
    at PipeConnectWrap.callbackTrampoline (node:internal/async_hooks:130:17)
[2026-05-21T09:44:48.800Z] error: <service-helpers> Error getting services from Docker server 'my-docker': Error: connect EACCES /var/run/docker.sock
    at ignore-listed frames {
  errno: -13,
  code: 'EACCES',
  syscall: 'connect',
  address: '/var/run/docker.sock'
}
[2026-05-21T09:44:49.010Z] error: <dockerStatusService> Error: connect EACCES /var/run/docker.sock
    at PipeConnectWrap.afterConnect [as oncomplete] (node:net:1637:16)
    at PipeConnectWrap.callbackTrampoline (node:internal/async_hooks:130:17)
[2026-05-21T09:44:49.050Z] error: <dockerStatsService> Error: connect EACCES /var/run/docker.sock
    at PipeConnectWrap.afterConnect [as oncomplete] (node:net:1637:16)
    at PipeConnectWrap.callbackTrampoline (node:internal/async_hooks:130:17)
[2026-05-21T09:44:49.239Z] error: <dockerStatsService> Error: connect EACCES /var/run/docker.sock
    at PipeConnectWrap.afterConnect [as oncomplete] (node:net:1637:16)
    at PipeConnectWrap.callbackTrampoline (node:internal/async_hooks:130:17)
[2026-05-21T09:44:51.346Z] error: <dockerStatusService> Error: connect EACCES /var/run/docker.sock
    at PipeConnectWrap.afterConnect [as oncomplete] (node:net:1637:16)
    at PipeConnectWrap.callbackTrampoline (node:internal/async_hooks:130:17)
[2026-05-21T09:44:55.436Z] error: <dockerStatusService> Error: connect EACCES /var/run/docker.sock
    at PipeConnectWrap.afterConnect [as oncomplete] (node:net:1637:16)
    at PipeConnectWrap.callbackTrampoline (node:internal/async_hooks:130:17)
[2026-05-21T09:44:55.464Z] error: <dockerStatsService> Error: connect EACCES /var/run/docker.sock
    at PipeConnectWrap.afterConnect [as oncomplete] (node:net:1637:16)
    at PipeConnectWrap.callbackTrampoline (node:internal/async_hooks:130:17)
[2026-05-21T09:44:55.477Z] error: <dockerStatsService> Error: connect EACCES /var/run/docker.sock
    at PipeConnectWrap.afterConnect [as oncomplete] (node:net:1637:16)
    at PipeConnectWrap.callbackTrampoline (node:internal/async_hooks:130:17)
[2026-05-21T09:44:55.735Z] error: <service-helpers> Error getting services from Docker server 'my-docker': Error: connect EACCES /var/run/docker.sock
    at ignore-listed frames {
  errno: -13,
  code: 'EACCES',
  syscall: 'connect',
  address: '/var/run/docker.sock'
}
[2026-05-21T09:44:55.780Z] error: <dockerStatusService> Error: connect EACCES /var/run/docker.sock
    at PipeConnectWrap.afterConnect [as oncomplete] (node:net:1637:16)
    at PipeConnectWrap.callbackTrampoline (node:internal/async_hooks:130:17)
[2026-05-21T09:46:06.157Z] error: <dockerStatsService> Error: connect EACCES /var/run/docker.sock
    at PipeConnectWrap.afterConnect [as oncomplete] (node:net:1637:16)
    at PipeConnectWrap.callbackTrampoline (node:internal/async_hooks:130:17)
[2026-05-21T09:46:06.437Z] error: <dockerStatusService> Error: connect EACCES /var/run/docker.sock
    at PipeConnectWrap.afterConnect [as oncomplete] (node:net:1637:16)
    at PipeConnectWrap.callbackTrampoline (node:internal/async_hooks:130:17)
[2026-05-21T09:46:06.459Z] error: <dockerStatusService> Error: connect EACCES /var/run/docker.sock
    at PipeConnectWrap.afterConnect [as oncomplete] (node:net:1637:16)
    at PipeConnectWrap.callbackTrampoline (node:internal/async_hooks:130:17)
[2026-05-21T09:46:06.462Z] error: <service-helpers> Error getting services from Docker server 'my-docker': Error: connect EACCES /var/run/docker.sock
    at ignore-listed frames {
  errno: -13,
  code: 'EACCES',
  syscall: 'connect',
  address: '/var/run/docker.sock'
}
[2026-05-21T09:46:06.652Z] error: <dockerStatsService> Error: connect EACCES /var/run/docker.sock
    at PipeConnectWrap.afterConnect [as oncomplete] (node:net:1637:16)
    at PipeConnectWrap.callbackTrampoline (node:internal/async_hooks:130:17)
[2026-05-21T09:46:31.512Z] error: <dockerStatusService> Error: connect EACCES /var/run/docker.sock
    at PipeConnectWrap.afterConnect [as oncomplete] (node:net:1637:16)
    at PipeConnectWrap.callbackTrampoline (node:internal/async_hooks:130:17)
[2026-05-21T09:46:31.755Z] error: <service-helpers> Error getting services from Docker server 'my-docker': Error: connect EACCES /var/run/docker.sock
    at ignore-listed frames {
  errno: -13,
  code: 'EACCES',
  syscall: 'connect',
  address: '/var/run/docker.sock'
}
[2026-05-21T09:46:31.994Z] error: <dockerStatsService> Error: connect EACCES /var/run/docker.sock
    at PipeConnectWrap.afterConnect [as oncomplete] (node:net:1637:16)
    at PipeConnectWrap.callbackTrampoline (node:internal/async_hooks:130:17)
[2026-05-21T09:46:32.005Z] error: <dockerStatusService> Error: connect EACCES /var/run/docker.sock
    at PipeConnectWrap.afterConnect [as oncomplete] (node:net:1637:16)
    at PipeConnectWrap.callbackTrampoline (node:internal/async_hooks:130:17)
[2026-05-21T09:46:32.046Z] error: <dockerStatsService> Error: connect EACCES /var/run/docker.sock
    at PipeConnectWrap.afterConnect [as oncomplete] (node:net:1637:16)
    at PipeConnectWrap.callbackTrampoline (node:internal/async_hooks:130:17)
[2026-05-21T09:46:36.775Z] error: <dockerStatusService> Error: connect EACCES /var/run/docker.sock
    at PipeConnectWrap.afterConnect [as oncomplete] (node:net:1637:16)
    at PipeConnectWrap.callbackTrampoline (node:internal/async_hooks:130:17)
[2026-05-21T09:46:36.826Z] error: <dockerStatsService> Error: connect EACCES /var/run/docker.sock
    at PipeConnectWrap.afterConnect [as oncomplete] (node:net:1637:16)
    at PipeConnectWrap.callbackTrampoline (node:internal/async_hooks:130:17)
[2026-05-21T09:46:36.839Z] error: <dockerStatusService> Error: connect EACCES /var/run/docker.sock
    at PipeConnectWrap.afterConnect [as oncomplete] (node:net:1637:16)
    at PipeConnectWrap.callbackTrampoline (node:internal/async_hooks:130:17)
[2026-05-21T09:46:36.856Z] error: <dockerStatsService> Error: connect EACCES /var/run/docker.sock
    at PipeConnectWrap.afterConnect [as oncomplete] (node:net:1637:16)
    at PipeConnectWrap.callbackTrampoline (node:internal/async_hooks:130:17)
[2026-05-21T09:46:37.088Z] error: <service-helpers> Error getting services from Docker server 'my-docker': Error: connect EACCES /var/run/docker.sock
    at ignore-listed frames {
  errno: -13,
  code: 'EACCES',
  syscall: 'connect',
  address: '/var/run/docker.sock'
}
[2026-05-21T09:46:53.776Z] error: <dockerStatusService> Error: connect EACCES /var/run/docker.sock
    at PipeConnectWrap.afterConnect [as oncomplete] (node:net:1637:16)
    at PipeConnectWrap.callbackTrampoline (node:internal/async_hooks:130:17)
[2026-05-21T09:46:54.243Z] error: <dockerStatsService> Error: connect EACCES /var/run/docker.sock
    at PipeConnectWrap.afterConnect [as oncomplete] (node:net:1637:16)
    at PipeConnectWrap.callbackTrampoline (node:internal/async_hooks:130:17)
[2026-05-21T09:46:54.263Z] error: <service-helpers> Error getting services from Docker server 'my-docker': Error: connect EACCES /var/run/docker.sock
    at ignore-listed frames {
  errno: -13,
  code: 'EACCES',
  syscall: 'connect',
  address: '/var/run/docker.sock'
}
[2026-05-21T09:46:54.277Z] error: <dockerStatsService> Error: connect EACCES /var/run/docker.sock
    at PipeConnectWrap.afterConnect [as oncomplete] (node:net:1637:16)
    at PipeConnectWrap.callbackTrampoline (node:internal/async_hooks:130:17)
[2026-05-21T09:46:56.602Z] error: <dockerStatusService> Error: connect EACCES /var/run/docker.sock
    at PipeConnectWrap.afterConnect [as oncomplete] (node:net:1637:16)
    at PipeConnectWrap.callbackTrampoline (node:internal/async_hooks:130:17)
[2026-05-21T09:53:42.708Z] error: <dockerStatusService> Error: connect EACCES /var/run/docker.sock
    at PipeConnectWrap.afterConnect [as oncomplete] (node:net:1637:16)
    at PipeConnectWrap.callbackTrampoline (node:internal/async_hooks:130:17)
[2026-05-21T09:53:42.943Z] error: <dockerStatsService> Error: connect EACCES /var/run/docker.sock
    at PipeConnectWrap.afterConnect [as oncomplete] (node:net:1637:16)
    at PipeConnectWrap.callbackTrampoline (node:internal/async_hooks:130:17)
[2026-05-21T09:53:42.947Z] error: <service-helpers> Error getting services from Docker server 'my-docker': Error: connect EACCES /var/run/docker.sock
    at ignore-listed frames {
  errno: -13,
  code: 'EACCES',
  syscall: 'connect',
  address: '/var/run/docker.sock'
}
[2026-05-21T09:53:43.183Z] error: <dockerStatsService> Error: connect EACCES /var/run/docker.sock
    at PipeConnectWrap.afterConnect [as oncomplete] (node:net:1637:16)
    at PipeConnectWrap.callbackTrampoline (node:internal/async_hooks:130:17)
[2026-05-21T09:53:43.208Z] error: <dockerStatusService> Error: connect EACCES /var/run/docker.sock
    at PipeConnectWrap.afterConnect [as oncomplete] (node:net:1637:16)
    at PipeConnectWrap.callbackTrampoline (node:internal/async_hooks:130:17)
[2026-05-21T09:53:53.395Z] error: <dockerStatusService> Error: connect EACCES /var/run/docker.sock
    at PipeConnectWrap.afterConnect [as oncomplete] (node:net:1637:16)
    at PipeConnectWrap.callbackTrampoline (node:internal/async_hooks:130:17)
[2026-05-21T09:53:53.609Z] error: <dockerStatsService> Error: connect EACCES /var/run/docker.sock
    at PipeConnectWrap.afterConnect [as oncomplete] (node:net:1637:16)
    at PipeConnectWrap.callbackTrampoline (node:internal/async_hooks:130:17)
[2026-05-21T09:53:53.737Z] error: <dockerStatsService> Error: connect EACCES /var/run/docker.sock
    at PipeConnectWrap.afterConnect [as oncomplete] (node:net:1637:16)
    at PipeConnectWrap.callbackTrampoline (node:internal/async_hooks:130:17)
[2026-05-21T09:53:53.887Z] error: <dockerStatusService> Error: connect EACCES /var/run/docker.sock
    at PipeConnectWrap.afterConnect [as oncomplete] (node:net:1637:16)
    at PipeConnectWrap.callbackTrampoline (node:internal/async_hooks:130:17)
[2026-05-21T09:53:54.146Z] error: <service-helpers> Error getting services from Docker server 'my-docker': Error: connect EACCES /var/run/docker.sock
    at ignore-listed frames {
  errno: -13,
  code: 'EACCES',
  syscall: 'connect',
  address: '/var/run/docker.sock'
}
[2026-05-21T10:08:56.583Z] error: <dockerStatusService> Error: connect EACCES /var/run/docker.sock
    at PipeConnectWrap.afterConnect [as oncomplete] (node:net:1637:16)
    at PipeConnectWrap.callbackTrampoline (node:internal/async_hooks:130:17)
[2026-05-21T10:09:36.991Z] error: <dockerStatsService> Error: connect EACCES /var/run/docker.sock
    at PipeConnectWrap.afterConnect [as oncomplete] (node:net:1637:16)
    at PipeConnectWrap.callbackTrampoline (node:internal/async_hooks:130:17)
[2026-05-21T10:09:57.912Z] error: <service-helpers> Error getting services from Docker server 'my-docker': Error: connect EACCES /var/run/docker.sock
    at ignore-listed frames {
  errno: -13,
  code: 'EACCES',
  syscall: 'connect',
  address: '/var/run/docker.sock'
}
[2026-05-21T10:10:21.539Z] error: <dockerStatusService> Error: connect EACCES /var/run/docker.sock
    at PipeConnectWrap.afterConnect [as oncomplete] (node:net:1637:16)
    at PipeConnectWrap.callbackTrampoline (node:internal/async_hooks:130:17)
[2026-05-21T10:12:31.538Z] error: <dockerStatsService> Error: connect EACCES /var/run/docker.sock
    at PipeConnectWrap.afterConnect [as oncomplete] (node:net:1637:16)
    at PipeConnectWrap.callbackTrampoline (node:internal/async_hooks:130:17)
